# Find a path with Dijkstra's algorithm on
# an empty graph

created graph empty
unknown node A
unknown node B