# Find a path with Dijkstra's algorithm on
# a big graph that contains no cycle

created graph graph
added node A to graph
added node B to graph
added node C to graph
added node D to graph
added node E to graph
added node F to graph
added node G to graph
added node H to graph
added node I to graph
added edge 12.000 from C to A in graph
added edge 2.000 from C to B in graph
added edge 3.000 from C to D in graph
added edge 1.000 from C to F in graph
added edge 4.000 from E to C in graph
added edge 5.000 from D to G in graph
added edge 7.000 from G to I in graph
added edge 10.000 from G to H in graph
path from E to I:
E to C with weight 4.000
C to D with weight 3.000
D to G with weight 5.000
G to I with weight 7.000
total cost: 19.000