# Test the parser on a graph that contains one node

loaded graph oneNodeGraph
oneNodeGraph contains: THING/BENJAMIN J. GR
the children of THING/BENJAMIN J. GR in oneNodeGraph are: