# Test the parser on a empty file

loaded graph graph
graph contains: