# Test BFS algorithm on a graph that contains self-loops

loaded graph graph
# Add a reflexive edge
added edge BB from B to B in graph
path from A to E:
A to B via AB
B to D via BD
D to E via DE