# test the edge case when the given hero is not
# in this graph

loaded graph graph
unknown character happy
unknown character coding