# Create an empty graph
created graph graph2

# Add a pair of nodes
added node node1 to graph2
added node node2 to graph2

