# Create an empty graph
created graph graph3

# Add 3 nodes to graph3
added node node1 to graph3
added node node2 to graph3
added node node3 to graph3