# Create an empty graph
created graph graph3

# Add 3 nodes to graph3
added node node1 to graph3
added node node2 to graph3
added node node3 to graph3

# Returns a list of vertices in graph3
graph3 contains: node1 node2 node3