# Create an empty graph
created graph graph1

# graph1 is initially empty. Returns a list of nodes
# contained in this graph.
graph1 contains: