# Create an empty graph
created graph graph1

# Add a vertex into graph1
added node node1 to graph1